       PADS LIBRARY (STD PCB Decals) DIRECTORY LISTING              VERSION:  2011-07-15 15:18:03
Item Name                                When Modified              Mount Type

1.25T-4-5AW                              05/19/11 11:25:20          S
AF5                                      06/18/10 15:25:35          L
AF6-3.5-14X8.3S                          05/19/11 13:49:35          S
AGP-FINGER                               09/27/09 11:41:35          N
ANT-2430-34X5                            02/14/11 17:41:13          L
ANT-AG-1                                 07/08/11 15:00:31          L
ANT-AG-2                                 07/08/11 15:01:53          L
ANT-REALTEK                              09/27/09 11:41:35          S
ANT-RT5370-5X11MM                        09/01/10 08:50:35          N
ANTAQ                                    05/19/11 14:33:02          S
AVF7-SPDIF+3RCA                          12/21/10 17:49:56          L
BALUN-HHM1711D1                          05/20/11 11:26:41          S
BALUN-LDB21                              05/20/11 11:26:41          S
BAT2-27.8X22.8                           09/27/09 11:41:35          L
BAT2-4.8X4.8                             05/20/11 11:26:41          S
BAT3-7.9X5.1                             05/20/11 11:26:41          S
BGA107-080-1014                          05/20/11 11:26:41          S
BGA117-1-0913                            05/20/11 11:26:41          S
BGA121-080-1111                          05/20/11 11:26:41          S
BGA121-1-1212                            05/20/11 11:26:41          S
BGA180-080-1414                          05/20/11 11:26:41          S
BGA196-080-1414                          05/20/11 11:26:41          S
BGA196-1-1414                            05/20/11 11:26:41          S
BGA20-040-0606                           05/20/11 11:26:41          S
BGA213-065-1818                          06/02/11 09:08:41          S
BGA224-080-1515                          05/20/11 11:26:41          S
BGA233-080-1717                          05/20/11 11:26:41          S
BGA244-050-2121                          05/20/11 11:26:41          S
BGA256-1-1616                            05/20/11 11:26:41          S
BGA260-050-2222                          05/20/11 11:26:42          S
BGA260-1-1818                            05/20/11 11:26:42          S
BGA264-065-1717                          06/02/11 09:12:35          S
BGA289-080-1717                          05/20/11 11:26:42          S
BGA292-080-2020                          05/20/11 11:26:42          S
BGA304-065-2020                          06/02/11 09:12:51          S
BGA320-1-2020                            06/02/11 10:06:45          S
BGA326-080-2020                          05/20/11 11:26:42          S
BGA337-050-2323                          05/20/11 11:26:42          S
BGA337-080-2020                          05/20/11 11:26:42          S
BGA339-065-2222                          06/02/11 09:13:36          S
BGA340-1-2222                            06/02/11 09:19:29          S
BGA349-065-2222                          06/02/11 09:13:50          S
BGA352-065-2222                          06/02/11 09:14:05          S
BGA352-1-2222                            05/20/11 11:26:42          S
BGA362-050-2525                          05/20/11 11:26:42          S
BGA364-1-2020                            05/20/11 11:26:42          S
BGA364-1-2222                            05/20/11 11:26:42          S
BGA366-065-2222                          06/02/11 09:14:26          S
BGA384-050-2424                          05/20/11 11:26:42          S
BGA400-080-2020                          05/20/11 11:26:42          S
BGA400-1-2020                            05/20/11 11:26:42          S
BGA409-065-2727                          06/28/11 16:41:04          S
BGA420-1-2222                            05/20/11 11:26:42          S
BGA444-1-2626                            05/20/11 11:26:42          S
BGA452-127-2626                          05/20/11 11:26:42          S
BGA457-080-2525                          05/20/11 11:26:42          S
BGA458-1-3030                            05/20/11 11:26:42          S
BGA484-1-2222                            05/20/11 11:26:42          S
BGA492-127-2626                          05/20/11 11:26:42          S
BGA56-050-1014                           05/20/11 11:26:42          S
BGA564-1-2626                            05/20/11 11:26:42          S
BGA596-1-3434                            05/20/11 11:26:42          S
BGA617-1-2626                            05/20/11 11:26:42          S
BGA625-080-2525                          05/20/11 11:26:43          S
BGA676-1-2626                            05/20/11 11:26:43          S
BGA676-127-2626                          05/20/11 11:26:43          S
BGA680-1-3939                            05/20/11 11:26:43          S
BGA757-1-3939                            05/20/11 11:26:43          S
BGA788-1-3636                            05/20/11 11:26:43          S
BGA84-080-0915                           05/20/11 11:26:43          S
BGA9-050-0303                            05/20/11 11:26:43          S
BGA900-1-3030                            06/02/11 09:24:51          S
BGA96-060-1010                           05/20/11 11:26:43          S
BPF2-2X1.25                              05/20/11 15:37:31          S
BPF2012                                  05/20/11 11:26:43          S
BPF2520                                  05/20/11 11:26:43          S
BPF6-1608                                05/20/11 11:26:43          S
BPF6-2X1.25                              05/20/11 11:26:43          S
BPF6-N                                   05/20/11 11:26:43          S
BPF8-2012                                05/20/11 11:26:43          S
BUZ2-1212                                09/27/09 11:41:35          L
C0201                                    05/20/11 11:26:41          S
C0402                                    05/20/11 11:26:41          S
C0603                                    05/20/11 11:26:41          S
C0805                                    05/20/11 11:26:41          S
C1206                                    05/20/11 11:26:41          S
C1210                                    05/20/11 11:26:41          S
C1812                                    05/20/11 11:26:41          S
C2512                                    05/20/11 11:26:41          S
C3528                                    05/20/11 11:26:41          S
C7343                                    05/20/11 11:26:41          S
CAF95901                                 05/20/11 11:26:41          S
CAP-10                                   11/26/10 15:23:07          L
CAP-10-A                                 01/04/11 15:09:36          L
CAP-10-X                                 11/26/10 15:22:57          L
CAP-10A                                  11/26/10 15:23:17          L
CAP-15                                   11/26/10 15:23:27          L
CAP-16                                   11/26/10 15:23:36          L
CAP-5                                    11/26/10 15:23:49          L
CAP-5A                                   11/26/10 15:24:02          L
CAP-7.5                                  11/26/10 15:24:13          L
CAP-7.5-A                                01/11/11 10:08:07          L
CAP-D16                                  12/24/10 14:24:14          L
CAPC-D10                                 11/26/10 15:24:41          L
CAPC-D10A                                01/04/11 15:09:36          L
CAPC-D13                                 11/26/10 15:24:59          L
CAPC-D16                                 11/26/10 15:25:32          L
CAPC-D4                                  05/18/11 15:52:46          L
CAPC-D5                                  11/26/10 15:26:02          L
CAPC-D6.3                                11/26/10 15:26:14          L
CAPC-D8                                  11/26/10 15:26:27          L
CAPD10                                   11/26/10 15:26:43          L
CAPD13                                   11/26/10 15:26:58          L
CAPD16                                   12/27/10 10:50:31          L
CH4-10X8                                 11/26/10 15:27:56          L
CH4-1210                                 11/26/10 15:28:11          L
CH4-16X11.5                              11/26/10 15:28:22          L
CH4-2516                                 11/26/10 15:28:36          L
CH4-2723                                 06/22/11 11:20:36          L
CH6-1409                                 11/26/10 15:28:51          L
COM2325-22                               05/20/11 11:26:41          S
CRY2-11X4.65                             12/15/10 09:59:41          L
CRY2-8.2X3.2                             09/27/09 11:41:35          L
CS500X2                                  05/31/11 15:08:21          L
CS500X2A                                 05/31/11 15:07:51          L
DB25-HF                                  11/26/10 16:34:02          L
DB9                                      11/26/10 16:34:11          L
DC-HOLE                                  07/30/10 10:11:58          L
DFN10-2.5X1                              05/20/11 11:26:40          S
DFN10-3X3                                05/20/11 11:26:40          S
DFN12-3X3                                05/20/11 11:26:40          S
DFN12-4X3                                05/20/11 11:26:40          S
DFN14-4X3                                05/20/11 11:26:40          S
DFN16-4X1.6                              05/20/11 11:26:40          S
DFN6-1.5X1.5                             05/20/11 11:26:40          S
DFN6-2X2                                 05/20/11 11:26:40          S
DFN6-3X3                                 05/20/11 11:26:40          S
DFN8-2X2                                 05/20/11 11:26:40          S
DFN8-3X3                                 05/20/11 11:26:40          S
DFN8-8X6                                 05/20/11 11:26:41          S
DIMM                                     07/05/11 17:44:21          L
DIN-0316-F                               11/26/10 17:05:23          L
DIP10-100-200                            04/26/11 09:20:54          L
DIP20-100-300                            04/26/11 09:21:06          L
DIP28-100-600                            04/26/11 09:21:18          L
DIP32-100-600                            04/26/11 09:21:30          L
DIP4-100-300                             11/26/10 17:06:21          L
DIP4-100-420                             11/26/10 17:06:30          L
DIP6-100-300                             03/29/11 14:10:04          L
DIP8-100-300                             11/26/10 17:06:41          L
DLW21S                                   05/20/11 11:26:41          S
DO-10                                    09/27/09 11:41:35          L
DO-10A                                   11/26/10 17:07:24          L
DO-12.5                                  09/27/09 11:41:35          L
DO-14.5                                  11/26/10 17:07:38          L
DO-14.5A                                 11/26/10 17:07:49          L
DO-15                                    01/26/10 18:04:38          L
DO-3.8                                   11/26/10 17:08:07          L
DO-4                                     11/26/10 17:08:20          L
DO-6                                     05/13/11 16:41:03          L
DQFN164-AR9330-2                         07/14/11 15:21:06          S
DQFN164-AR9330-4                         07/14/11 15:21:30          S
DQFN164-AR9341-2                         07/14/11 15:21:58          S
DQFN164-AR9341-4                         07/14/11 15:22:19          S
DSW14                                    09/27/09 11:41:35          L
DSW5                                     06/18/10 15:32:46          L
DSW6                                     11/26/10 17:11:00          L
DSW8                                     11/26/10 17:11:21          L
E-CARD-26D                               09/27/09 11:41:35          S
ESATA7-1.27-21.1X13.6                    01/25/11 08:54:37          L
EX-LED                                   09/27/09 11:41:35          S
EX-LED1                                  09/27/09 11:41:35          S
FAN2                                     11/26/10 17:11:49          L
FAN3                                     11/26/10 17:11:56          L
FB2-400                                  11/26/10 17:12:03          L
FB2-512                                  11/26/10 17:12:09          L
FIL-LPF5                                 09/27/09 11:41:35          S
FU-M\B                                   06/02/11 11:03:26          S
FU-M\S                                   06/02/11 10:43:19          S
FU-M\TOP                                 06/02/11 10:15:06          S
FUSE2-200                                11/26/10 17:12:28          L
FUSE2-200A                               11/26/10 17:12:38          L
FUSE2-SS-5                               12/27/10 10:50:54          L
HCX-8F                                   05/20/11 11:26:40          S
HDMI-A-0.5-15X11.6S                      05/20/11 11:26:43          S
HEADER26                                 11/26/10 17:30:24          L
HEADER40                                 11/26/10 17:31:44          L
HPF5                                     07/19/10 17:34:55          S
HQFN24-050-0404                          05/20/11 15:11:16          S
HS-2828                                  09/27/09 11:41:35          L
HS-3535                                  09/27/09 11:41:35          L
HS-4040                                  09/27/09 11:41:35          L
HS-4040A                                 09/27/09 11:41:35          L
HS-5435A                                 09/27/09 11:41:35          L
HS-5452                                  09/27/09 11:41:35          L
HS-5555A                                 09/27/09 11:41:35          L
IC100                                    09/27/09 11:41:35          L
IC128                                    09/27/09 11:41:35          L
IC208                                    09/27/09 11:41:35          L
IRM-2.54                                 04/02/11 15:08:27          L
ISA20                                    06/18/10 15:36:17          L
JGC2                                     10/23/09 14:57:13          L
JGC4                                     01/27/10 10:47:27          L
JP-0102                                  11/26/10 17:33:05          L
JP-0103                                  11/26/10 17:33:15          L
JP-0104                                  11/26/10 17:33:25          L
JP-0105                                  11/26/10 17:33:33          L
JP-0107                                  06/17/11 16:00:55          L
JP-0108                                  11/26/10 17:33:44          L
JP-0109                                  03/15/11 17:17:06          L
JP-0140-1.27                             05/31/11 17:55:38          L
JP-0203                                  11/26/10 17:34:04          L
JP-0205                                  11/26/10 17:34:14          L
JP-0205A                                 11/26/10 17:34:24          L
JP-0205O                                 11/26/10 17:34:36          L
JP-0206                                  05/04/11 09:43:26          L
JP-0207                                  06/18/10 15:24:02          L
JP-0208                                  06/21/11 14:27:54          L
JP-0208A                                 11/26/10 17:34:51          L
JP-0213                                  11/26/10 17:35:00          L
JP-0213A                                 11/26/10 17:35:09          L
JP-0215A                                 03/02/11 11:03:29          L
JP-0216                                  11/26/10 17:35:17          L
JP-0220A                                 11/26/10 17:35:28          L
KBP206                                   06/18/10 15:36:41          L
L2-12X7                                  11/26/10 15:30:09          L
L2-15X7                                  11/26/10 15:31:18          L
L2-15X7.5                                11/26/10 15:31:28          L
L2-16.8X10                               11/26/10 15:31:37          L
L2-16.8X7.5                              11/26/10 15:31:55          L
L2-16.8X8                                11/26/10 15:32:03          L
L2-20X9.5                                11/26/10 15:32:11          L
L2-22X11                                 01/04/11 15:09:36          L
L2-23.5X9.5                              11/26/10 15:32:19          L
LASER-40X25                              06/18/10 15:38:20          L
LC2-D10.5                                11/26/10 15:33:05          L
LC2-D5                                   11/26/10 15:33:36          L
LC2-D5.5                                 05/18/11 15:47:40          L
LC2-D5S                                  01/04/11 15:09:36          L
LC2-D6                                   05/13/11 16:32:47          L
LC2-D6.5                                 01/04/11 15:08:56          L
LC2-D7.5                                 11/26/10 15:34:01          L
LC2-D9                                   11/26/10 15:34:07          L
LC6-D21.5                                06/01/11 09:24:03          L
LCD37-080-2.4                            05/19/11 17:01:23          S
LCD37-080-3.0                            05/19/11 17:01:23          S
LCD37-1-2.8                              05/19/11 17:01:23          S
LD8-8.2X10.5                             05/05/11 08:29:06          L
LED-1                                    11/26/10 15:34:53          L
LED-2                                    11/26/10 15:35:08          L
LED-2A                                   04/19/11 08:52:40          L
LED-3                                    11/26/10 15:35:23          L
LED-4                                    11/26/10 15:35:37          L
LED-6                                    11/26/10 15:35:47          L
LED-8                                    11/26/10 15:35:54          L
LED10MM                                  11/26/10 15:36:01          L
LED3MM                                   11/26/10 15:36:14          L
LED3MM-2C                                11/26/10 15:36:30          L
LPCC108-040-1212A                        06/01/11 14:50:42          S
LPCC56-040-0707                          06/01/11 14:52:04          S
LPCC64-050-0909A                         06/01/11 14:45:48          S
LPCC68-050-1010A                         06/01/11 14:48:09          S
LPCC88-040-1010A                         06/01/11 14:53:40          S
LQFP128-040-1414                         06/01/11 16:34:40          S
LQFP128-040-1414A                        06/01/11 16:35:29          S
LQFP128-040-1414A5.72X5.72               06/01/11 16:35:55          S
LQFP128-040-1414A6X5                     06/01/11 16:36:21          S
LQFP128-050-2014                         06/01/11 17:16:22          S
LQFP128-050-2014A                        06/01/11 17:16:42          S
LQFP128-050-2014A6.8X5.9                 06/01/11 17:17:06          S
LQFP128-050-2014L                        06/01/11 17:17:26          S
LQFP144-050-2020A                        06/01/11 17:17:48          S
LQFP164-040-2020A                        06/01/11 16:37:01          S
LQFP216-040-2424A                        06/01/11 16:37:31          S
LQFP216-040-2424A11.8X10.2               06/01/11 16:39:17          S
LQFP256-040-2828A                        06/01/11 16:40:08          S
LQFP48-050-0707                          06/01/11 16:54:59          S
LQFP64-050-1010A                         06/01/11 17:18:21          S
LQFP80-050-1212A                         06/01/11 17:18:41          S
LQFP80-065-1414                          06/01/11 16:57:43          S
MC0402                                   06/14/11 15:11:43          S
MC0603                                   06/14/11 15:25:44          S
MC0805                                   05/20/11 11:26:39          S
MC901                                    05/20/11 11:26:39          S
MCM16-085-0404                           05/20/11 11:26:40          S
MCM20-1-0606                             05/20/11 11:26:40          S
MDS-G31                                  06/01/11 09:31:15          L
MDS-G76                                  11/26/10 17:36:42          L
MINIPCI-124                              09/27/09 11:41:35          S
MINIPCI-124M-3A                          05/25/11 16:39:22          S
MINIPCI-124M-3B                          05/25/11 16:40:40          S
MINIPCI-E-52                             01/05/10 17:11:03          S
MINIPCI-E-52H                            01/05/10 17:11:19          S
MINIPCI-E-52M                            05/25/11 16:36:44          S
MLPQ12-040-0202                          05/20/11 11:26:40          S
MLPQ16-050-0303                          05/20/11 11:26:40          S
MM3.0\L2                                 09/27/09 11:41:35          N
MM3.0\L4                                 09/27/09 11:41:35          N
MM3.2\L2                                 09/27/09 11:41:35          N
MM3.2\L4                                 09/27/09 11:41:35          N
MM3.2\L6                                 09/27/09 11:41:35          N
MM3.5\L2                                 09/27/09 11:41:35          N
MM3.5\L2A                                09/27/09 11:41:35          N
MM3.5\L4                                 09/27/09 11:41:35          N
MM3.5\L4A                                09/27/09 11:41:35          N
MM3.5\L6                                 09/27/09 11:41:35          N
MM3.5\L6A                                09/27/09 11:41:35          N
MR0402                                   06/14/11 15:12:32          S
MR0603                                   06/14/11 15:24:38          S
MR0805                                   05/20/11 11:26:40          S
MSL0402                                  06/01/11 09:50:18          S
MSL0603                                  06/01/11 09:49:48          S
MSL0805                                  06/01/11 09:49:40          S
MSOP-050-3                               05/20/11 11:26:40          S
MUSB-SMD                                 07/08/11 11:07:09          S
OSA-B-4X4                                06/20/11 08:45:20          L
OSA-B-4X4-A                              07/08/11 09:57:15          L
OSC4-12.7X12.7                           11/26/10 17:38:22          L
OSC6-20.7X13.2                           11/26/10 17:38:29          L
PAD-TP3.4X0.7                            03/03/11 10:47:38          N
PAD2                                     09/27/09 11:41:35          N
PAD2.2                                   09/27/09 11:41:35          N
PAD5                                     09/27/09 11:41:35          N
PBSW-1                                   05/19/11 14:36:01          S
PC-CARD-68D                              05/19/11 14:38:00          N
PC-CARD-68F                              05/19/11 14:39:41          S
PCI                                      09/27/09 11:41:35          L
PCI-124-L2                               09/27/09 11:41:35          N
PCI-124-L4                               09/27/09 11:41:35          N
PCIE-36                                  11/18/09 11:14:13          N
PQFP128-050-2014                         06/01/11 16:59:03          S
PQFP208-050-2828                         06/01/11 16:59:35          S
PQFP64-050-1010                          06/01/11 17:00:04          S
PQFP80-050-1212                          06/01/11 17:00:29          S
PSOP14-15.7-177                          05/19/11 15:32:23          S
PSW13                                    11/26/10 17:40:26          L
PSW8                                     11/26/10 17:40:40          L
PW2-3.96                                 11/26/10 17:40:52          L
PW2-3.96-R                               11/26/10 17:41:02          L
PW2-6                                    11/26/10 17:41:17          L
PW4-3.96                                 11/26/10 17:41:36          L
PW5-2.5                                  11/26/10 17:41:50          L
PW6-3.96                                 11/26/10 17:42:02          L
PW7-3.96                                 06/22/11 14:52:36          L
PW8-3.96                                 11/26/10 17:42:16          L
PWC3                                     11/26/10 17:42:37          L
PWC3T                                    05/25/11 17:38:56          L
PWC6                                     11/26/10 17:42:49          L
QFN12-050-0303                           05/27/11 11:26:45          S
QFN16-050-0303                           05/27/11 11:30:03          S
QFN16-065-0404                           05/27/11 11:31:46          S
QFN20-050-0404                           07/14/11 16:52:22          S
QFN24-050-0404                           05/27/11 11:37:18          S
QFN24-050-0404A                          05/27/11 11:40:31          S
QFN28-045-0404                           06/01/11 14:56:04          S
QFN32-050-0505                           06/01/11 10:56:11          S
QFN32-050-0505A                          06/01/11 10:58:44          S
QFN32-050-0505A2.7                       06/01/11 11:07:32          S
QFN32-050-0604                           06/01/11 11:19:00          S
QFN40-040-0505                           06/01/11 14:58:15          S
QFN40-050-0606                           06/01/11 11:21:06          S
QFN44-050-0707A                          06/01/11 11:23:36          S
QFN46-040-6.5X4.5                        06/16/11 16:39:13          S
QFN46-040-6.5X4.5A                       06/16/11 16:39:52          S
QFN48-040-0606                           06/01/11 15:08:12          S
QFN48-050-0707A                          06/01/11 11:30:28          S
QFN52-040-7.5X5.7                        06/01/11 15:09:40          S
QFN56-050-0808                           06/01/11 11:34:30          S
QFN64-050-0909                           06/01/11 11:38:54          S
QFN64-050-0909A                          06/01/11 11:41:42          S
QFN68-040-0808                           05/20/11 17:12:30          S
QFN68-040-0808A                          05/20/11 16:53:23          S
QFN76-040-0909                           06/01/11 15:16:52          S
QFN76-040-0909A                          06/01/11 15:19:32          S
QFP100-065-2014                          06/01/11 16:17:44          S
QFP128-050-2014                          06/01/11 16:24:57          S
QFP208-050-2828                          06/01/11 16:25:51          S
QFP44-080-1010                           06/01/11 16:29:37          S
QFP48-060-0909                           05/20/11 11:15:30          S
QSOP20-25-150                            05/20/11 11:15:30          S
QSOP28-25-150                            05/20/11 11:15:30          S
R0201                                    05/20/11 11:26:35          S
R0402                                    05/20/11 11:26:35          S
R0402-3P                                 05/20/11 11:26:35          S
R0603                                    05/20/11 11:26:35          S
R0805                                    05/20/11 11:26:35          S
R1206                                    05/20/11 11:26:35          S
R2010                                    05/20/11 11:26:35          S
RES-200-VDR                              11/26/10 15:19:01          L
RES-200S                                 11/26/10 15:19:14          L
RF-4.6-5                                 05/13/11 16:36:03          L
RF-CON-MC901                             05/20/11 11:26:35          S
RF-CON-MM8430                            05/20/11 11:26:35          S
RF-CON-SMA                               11/26/10 17:53:27          L
RF-CON-SMA-S                             05/20/11 11:26:35          S
RFT-2                                    05/20/11 11:26:36          S
RFT-3                                    05/20/11 11:26:36          S
RJ-45LED                                 06/18/10 15:45:40          L
RJ11-R1.02                               06/23/11 11:34:56          L
RJ11-R1.02L                              06/23/11 11:36:38          L
RJ11-R1.27                               01/14/10 17:48:47          L
RJ11-R2-2X1                              11/26/10 17:54:25          L
RJ45-R1.02                               11/26/10 17:54:37          L
RJ45-R1.02-A                             06/10/11 08:55:24          L
RJ45-R1.02-LED                           06/10/11 08:55:24          L
RJ45-R1.02S                              05/20/11 11:26:36          S
RJ45-R1.2                                11/26/10 17:55:07          L
RJ45-R1.27                               06/10/11 08:55:25          L
RJ45-R1.27-GT                            11/26/10 17:55:27          L
RJ45-R1.27-TRANSFORMER                   06/10/11 08:55:24          L
RJ45-R1.27L                              06/10/11 08:55:25          L
RJ45-R12-6X2                             09/27/09 11:41:35          L
RJ45-R16-8X2                             09/27/09 11:41:35          L
RJ45-R2-2X1                              09/27/09 11:41:35          L
RJ45-R4-4X1                              06/02/11 16:25:02          L
RJ45-R4-4X1A                             06/28/11 08:31:53          L
RJ45-R5-5X1                              11/23/10 16:36:00          L
RJ45-R8-4X2                              02/05/10 16:19:57          L
RJ45-R8-4X2L                             09/17/10 17:14:23          L
RJ45-R8-8X1                              06/02/11 16:23:32          L
RJ45-T1.27S                              05/20/11 11:26:36          S
RLY10-100-100                            11/26/10 17:52:10          L
RLY12-100-200                            11/26/10 17:51:58          L
RLY5-100-300                             11/26/10 17:51:44          L
RN4                                      05/20/11 11:26:36          S
S-DL35                                   06/16/11 16:49:16          S
S-DO214                                  06/16/11 16:47:29          S
S-DO214AB                                06/16/11 16:46:57          S
S-DO214AC                                06/16/11 16:46:13          S
S-OSA-B-4X5                              06/17/11 15:29:22          S
S-OSA-R-4                                06/17/11 15:29:50          S
S-OSA-T-4                                06/17/11 15:30:04          S
SAW5-1.35X1.05                           05/20/11 11:26:36          S
SBR4-4.9X4                               05/25/11 14:22:07          S
SC-59                                    05/20/11 11:26:36          S
SC-62                                    05/20/11 11:26:36          S
SC-70-5                                  05/20/11 11:26:36          S
SC-70-6                                  05/20/11 11:26:36          S
SC-70-8                                  05/20/11 11:26:36          S
SC-74                                    05/20/11 11:26:36          S
SC-79                                    05/20/11 11:26:36          S
SC-88                                    05/20/11 11:26:36          S
SC-89                                    05/20/11 11:26:36          S
SCRY2-11X4.9                             05/20/11 11:26:36          S
SCRY2-3.2X1.5                            06/30/11 08:55:10          S
SCRY2-8X4.5                              06/30/11 08:55:20          S
SCRY4-3.25X2.55                          06/30/11 08:55:32          S
SCRY4-3.2X2.5                            06/30/11 09:07:38          S
SCRY4-5X3.2                              06/30/11 08:58:08          S
SCRY4-7X5                                05/25/11 14:34:33          S
SFF-1X1                                  10/28/10 17:38:12          L
SFF-2X1                                  10/28/10 17:37:23          L
SFF-2X1-A                                06/01/11 09:44:59          L
SFP-1X1                                  05/25/11 14:38:39          S+
SFP-1X4                                  07/01/11 14:49:42          S+
SFP-2X1                                  01/13/10 14:18:03          L
SFP-2X1-LP                               03/14/11 17:35:45          L
SFUSE-1206                               05/25/11 14:39:18          S
SFUSE-1812                               05/25/11 14:39:28          S
SFUSE-9474                               05/25/11 14:39:38          S
SHIELD-29X40                             09/27/09 11:41:35          L
SHIELD-29X40A                            09/27/09 11:41:35          L
SHIELD-29X40NEW                          09/27/09 11:41:35          L
SHIELD-310                               09/27/09 11:41:35          L
SHIELD-310V5                             09/27/09 11:41:35          L
SHIELD-320                               09/27/09 11:41:35          L
SHIELD-320G                              09/27/09 11:41:35          L
SHIELD-42X23.5                           09/27/09 11:41:35          L
SHIELD-83X36.8                           09/27/09 11:41:35          L
SHIELD-AP51                              09/27/09 11:41:35          L
SHIELD-CB51                              09/27/09 11:41:35          L
SHIELD-CB71                              09/27/09 11:41:35          L
SHIELD-MB62                              09/27/09 11:41:35          L
SHIELD-MV                                09/27/09 11:41:35          L
SHIELD-UB323                             09/27/09 11:41:35          L
SHIELD-UB52                              09/27/09 11:41:35          L
SJP-0205                                 05/25/11 16:10:45          S
SJP-0207                                 05/25/11 16:10:45          S
SJP-0210                                 05/25/11 16:10:45          S
SJP-0213                                 05/25/11 16:10:45          S
SJP0270-0.8                              05/25/11 16:10:45          S
SL0201                                   05/25/11 16:10:45          S
SL0402                                   05/25/11 16:10:46          S
SL0603                                   05/25/11 16:10:46          S
SL0805                                   05/25/11 16:10:46          S
SL1008                                   05/25/11 16:10:46          S
SL1206                                   05/25/11 16:10:46          S
SL1210                                   05/25/11 16:10:46          S
SL2518                                   05/25/11 16:10:46          S
SL3225                                   05/25/11 16:10:46          S
SL4532                                   05/25/11 16:10:46          S
SLED0603                                 05/25/11 16:10:46          S
SLED0805                                 05/25/11 16:10:46          S
SOD123                                   05/25/11 16:10:46          S
SOD323                                   06/16/11 17:12:54          S
SOD323-A                                 06/16/11 17:14:14          S
SOD523                                   05/25/11 16:10:46          S
SOD923                                   05/25/11 16:10:46          S
SOIC14-50-150                            06/02/11 08:39:14          S
SOIC16-50-295                            06/02/11 08:39:28          S
SOIC20-50-295                            06/02/11 08:39:52          S
SOIC8-50-150                             06/01/11 15:29:00          S
SOIC8-50-208                             06/01/11 15:29:29          S
SOP16-50-150                             06/02/11 08:38:04          S
SOP16-50-300                             06/02/11 08:38:19          S
SOP4-100-256                             05/25/11 16:10:46          S
SOP5-50-173                              05/25/11 16:10:46          S
SOP8-100-260                             05/25/11 16:10:46          S
SOP8-50-155                              06/01/11 15:41:48          S
SOP8-50-155-2X3                          06/01/11 15:42:16          S
SOP8-50-155A                             06/01/11 15:42:41          S
SOSC4-5X3                                05/25/11 16:10:46          S
SOSC4-5X3.2                              05/25/11 16:10:46          S
SOSC4-7X5                                05/25/11 16:10:46          S
SOSC6-7.2X5.2                            05/25/11 16:10:47          S
SOT-143                                  05/25/11 16:10:47          S
SOT-223                                  05/25/11 16:10:47          S
SOT-23                                   05/25/11 16:10:47          S
SOT-23-5                                 05/25/11 16:10:47          S
SOT-23-6                                 05/25/11 16:10:47          S
SOT-343                                  05/25/11 16:10:47          S
SOT-89                                   05/27/11 11:14:45          S
SPG-10                                   09/27/09 11:41:35          L
SPG-12.7                                 09/27/09 11:41:35          L
SPG-3-5X7.2                              05/25/11 16:10:47          S
SPG-DO214                                05/25/11 16:10:47          S
SPL12.5X12.5                             05/25/11 16:10:47          S
SPL12.95X9.4                             05/25/11 16:10:47          S
SPL3.2X3.2                               06/14/11 17:19:34          S
SPL3X3                                   05/25/11 16:10:47          S
SPL3X3D                                  05/25/11 16:10:47          S
SPL4.6X4.6                               06/24/11 15:37:45          S
SPL4X4                                   05/25/11 16:10:49          S
SPL5.3X5.3                               06/24/11 15:38:27          S
SPL5X5                                   05/25/11 16:10:47          S
SPL5X5D                                  05/25/11 16:10:47          S
SPL6.7X6.7                               05/25/11 16:10:49          S
SPL6X6                                   06/24/11 15:58:59          S
SPL7.3X7.3                               05/25/11 16:10:47          S
SSOP14-25.6-208                          05/25/11 16:10:47          S
SSOP20-25.6-208                          05/25/11 16:10:47          S
SSOP32-25-295                            05/25/11 16:10:47          S
SSW10                                    05/25/11 16:10:47          S
STFM10-2.5-14                            05/25/11 16:10:47          S
STFM16-1.27-7                            05/25/11 16:10:47          S
STFM16-1.7-11.5                          05/25/11 16:10:47          S
STFM16-1.7-13.5                          05/25/11 16:10:47          S
STFM24-1.27-12.2                         05/25/11 16:10:47          S
STFM24-1.27-16.8                         05/25/11 16:10:47          S
STFM40-1.27-12.3                         05/31/11 14:13:57          S
STFM48-1.02-12.2                         05/25/11 16:10:48          S
STFM8-2.54-10                            05/25/11 16:10:47          S
TCC22-27.4X27.5P                         05/20/11 11:26:39          S
TFM10-2.5-10                             04/26/11 09:22:28          L
TFM10-3.2-15.5                           01/04/11 15:09:36          L
TFM10-4-13                               05/30/11 14:21:38          L
TFM12-2-5.08                             06/18/10 15:49:01          L
TFM12-2.54-11.1                          09/27/09 11:41:35          L
TFM16-1.7-13                             05/30/11 14:25:26          L
TFM16-1.7-13.2                           05/30/11 14:27:03          L
TFM16-2.54-7.62                          04/26/11 09:23:38          L
TFM20-2.54-7.62                          04/26/11 09:23:57          L
TFM6-2.7-5                               04/26/11 09:24:09          L
TFM6-3.81-12.7                           06/18/10 15:50:00          L
TFM60-1.78-3.3                           09/27/09 11:41:35          L
TFM72-29X26.5                            01/27/10 10:11:43          L
TFM72-34.5X19                            06/10/11 15:47:49          L
TFM8-2.5-7.7                             05/30/11 14:30:16          L
TFM8-3.0-15.3                            03/03/11 11:11:03          L
TFM96-28.9X28.1                          03/31/11 10:00:23          L
TO-126                                   08/12/10 14:32:21          L
TO-220                                   06/18/10 15:50:55          L
TO-220A                                  08/12/10 14:28:19          L
TO-252                                   05/20/11 11:26:39          S
TO-263                                   05/20/11 14:01:02          S
TO-263-5                                 05/20/11 14:05:28          S
TO-92                                    06/18/10 15:51:40          L
TP                                       09/27/09 11:41:35          N
TPS                                      09/27/09 11:41:35          N
TPS1                                     06/24/11 11:00:52          N
TQFP100-050-1414                         06/01/11 17:01:00          S
TQFP128-040-1414A                        06/01/11 17:03:13          S
TQFP144-040-1616A                        06/01/11 17:03:38          S
TQFP176-040-2020A                        06/01/11 17:15:55          S
TQFP48-050-0707                          06/01/11 17:01:32          S
TQFP64-050-1010                          06/01/11 17:02:04          S
TQFP64-050-1010A                         06/01/11 17:02:35          S
TSON6-20-60                              05/20/11 15:00:41          S
TSOP48-20-725                            05/20/11 11:26:39          S
TSOP48-20-725A                           05/20/11 11:26:39          S
TSOP50-31.5-400                          05/20/11 11:26:39          S
TSOP54-31.5-400                          05/20/11 16:15:15          S
TSOP56-20-725                            05/20/11 11:26:39          S
TSOP56-20-725A                           05/20/11 11:26:39          S
TSOP66-25.6-400                          05/20/11 11:26:39          S
TSOP86-19.7-400                          05/20/11 11:26:39          S
TSSOP14-25.6-173                         05/20/11 11:26:39          S
TSSOP14-25.6-173A                        05/20/11 11:26:39          S
TSSOP16-25.6-175                         05/20/11 11:26:39          S
TSSOP20-25.6-173                         05/20/11 11:26:39          S
TSSOP24-25.6-173                         05/20/11 11:26:39          S
TSSOP56-20-245                           05/20/11 11:26:39          S
TSSOP8-25.6-175                          05/20/11 11:26:39          S
TSW4                                     09/27/09 11:41:35          L
TSW4-T                                   10/22/09 11:45:53          L
TSW4A                                    09/27/09 11:41:35          L
TSW4S-T                                  05/20/11 11:26:39          S
USB-0104A                                01/18/11 10:09:41          L
USB-0104A-R                              09/27/09 11:41:35          L
USB-0104A-T                              06/21/10 16:21:32          L
USB-0104AD                               08/18/10 14:54:22          L
USB-0202B                                09/27/09 11:41:35          L
USB-0204A                                04/18/11 09:17:25          L
USB-N0104A-R                             05/31/11 10:25:02          L
USB-N025A                                04/25/11 17:33:21          L
USB-SMD                                  05/20/11 16:05:51          S
USB-SMD1                                 05/20/11 11:26:40          S
VIA                                      06/18/10 15:53:12          N
VQFN6-3X1.6                              05/20/11 13:53:05          S
WOL-L                                    09/27/09 11:41:35          L
WPS4T                                    05/20/11 11:26:40          S
WPS4T-4.25X4.25                          05/20/11 11:26:40          S
WPS4T-4.5X4.5                            05/20/11 11:26:40          S
WPS5R                                    06/01/11 16:09:14          S
WPS5RA                                   05/20/11 11:26:40          S
WPS5RB                                   05/20/11 11:26:40          S
WPS6R                                    05/20/11 11:26:40          S

